> Task :compileJava NO-SOURCE
> Task :processResources NO-SOURCE
> Task :classes UP-TO-DATE
> Task :jar UP-TO-DATE
> Task :assemble UP-TO-DATE
> Task :compileTestJava NO-SOURCE
> Task :processTestResources NO-SOURCE
> Task :testClasses UP-TO-DATE
> Task :test NO-SOURCE
> Task :check UP-TO-DATE
> Task :build UP-TO-DATE
> Task :authservice:compileJava UP-TO-DATE
> Task :authservice:processResources UP-TO-DATE
> Task :authservice:classes UP-TO-DATE
> Task :authservice:resolveMainClassName UP-TO-DATE
> Task :authservice:bootJar FAILED

FAILURE: Build failed with an exception.

* What went wrong:
Execution failed for task ':authservice:bootJar'.
> 'java.lang.Integer org.gradle.api.file.CopyProcessingSpec.getDirMode()'

* Try:
> Run with --stacktrace option to get the stack trace.
> Run with --info or --debug option to get more log output.
> Run with --scan to generate a Build Scan (powered by Develocity).
> Get more help at https://help.gradle.org.

BUILD FAILED in 1s
5 actionable tasks: 1 executed, 4 up-to-date
